ASTEROID_START_POS EQU 00037H
BREG		EQU 0401EH
BasicEnd	EQU 04914H
CDFLAG		EQU 0403BH
CH_ADD		EQU 04016H
CLS		EQU 00A2AH
COORDS		EQU 04036H
DEBOUN		EQU 04027H
DEST		EQU 04012H
DF_CC		EQU 0400EH
DF_SZ		EQU 04022H
D_FILE		EQU 0400CH
Display		EQU 045FAH
END_TEST	EQU 044CFH
E_LINE		EQU 04014H
E_PPC		EQU 0400AH
FLAGX		EQU 0402DH
FRAMES		EQU 04034H
KEYBOARD_READ_PORT EQU 000FEH
KEYBOARD_READ_PORT_A_TO_G EQU 000FDH
KEYBOARD_READ_PORT_P_TO_Y EQU 000DFH
KEYBOARD_READ_PORT_Q_TO_T EQU 000FBH
KEYBOARD_READ_PORT_SHIFT_TO_V EQU 000FEH
KEYBOARD_READ_PORT_SPACE_TO_B EQU 0007FH
LAST_K		EQU 04025H
LEVEL_COUNT_DOWN_INIT EQU 00003H
LEV_COUNTDOWN_TO_INVOKE_BOSS EQU 00002H
Line1		EQU 0407DH
Line1End	EQU 045E8H
Line1Text	EQU 04081H
Line2		EQU 045E8H
Line2End	EQU 045FAH
Line2Text	EQU 045ECH
MARGIN		EQU 04028H
MEM		EQU 0401FH
MEMBOT		EQU 0403CH
MISSILE_COUNTDOWN_INIT EQU 00012H
NXTLIN		EQU 04029H
OLDPPC		EQU 0402BH
PLAYER_LIVES	EQU 00003H
PLAYER_START_POS EQU 0027DH
PLAYER_X_START_POS EQU 0000AH
PR_CC		EQU 04038H
SCREEN_HEIGHT	EQU 00017H
SCREEN_WIDTH	EQU 00020H
SEED		EQU 04032H
STKBOT		EQU 0401AH
STKEND		EQU 0401CH
STRLEN		EQU 0402EH
S_POSN		EQU 04039H
S_TOP		EQU 04023H
TEST_pixel_64_by_48_char_mapping EQU 043EAH
TOTAL_NUMBER_OF_ASTEROIDS EQU 00004H
T_ADDR		EQU 04030H
UNUNSED2	EQU 0403EH
UNUSED1		EQU 04021H
VARS		EQU 04010H
VERSN		EQU 04009H
VSYNCLOOP	EQU 00001H
Variables	EQU 04913H
VariablesEnd	EQU 04913H
X_Even_Y_Even	EQU 043A5H
X_Even_Y_Odd	EQU 043A9H
X_Is_Even	EQU 0439EH
X_Is_Odd	EQU 043ADH
X_Odd_Y_Even	EQU 043B2H
X_PTR		EQU 04018H
X_Plot_Position	EQU 04356H
X_and_Y_Odd	EQU 043B6H
Y_Plot_Position	EQU 04357H
_0		EQU 0001CH
_1		EQU 0001DH
_2		EQU 0001EH
_3		EQU 0001FH
_4		EQU 00020H
_5		EQU 00021H
_6		EQU 00022H
_7		EQU 00023H
_8		EQU 00024H
_9		EQU 00025H
_A		EQU 00026H
_AS		EQU 00017H
_B		EQU 00027H
_BL		EQU 00080H
_C		EQU 00028H
_CL		EQU 0000EH
_CM		EQU 0001AH
_CP		EQU 00011H
_D		EQU 00029H
_DT		EQU 0001BH
_E		EQU 0002AH
_EQ		EQU 00014H
_F		EQU 0002BH
_G		EQU 0002CH
_GT		EQU 00012H
_H		EQU 0002DH
_I		EQU 0002EH
_J		EQU 0002FH
_K		EQU 00030H
_L		EQU 00031H
_LT		EQU 00013H
_M		EQU 00032H
_MI		EQU 00016H
_N		EQU 00033H
_NL		EQU 00076H
_O		EQU 00034H
_OP		EQU 00010H
_P		EQU 00035H
_PD		EQU 0000CH
_PL		EQU 00015H
_Q		EQU 00036H
_QM		EQU 0000FH
_QT		EQU 0000BH
_R		EQU 00037H
_S		EQU 00038H
_SC		EQU 00019H
_SD		EQU 0000DH
_SL		EQU 00018H
_T		EQU 00039H
_U		EQU 0003AH
_V		EQU 0003BH
_W		EQU 0003CH
_X		EQU 0003DH
_Y		EQU 0003EH
_Z		EQU 0003FH
__		EQU 00000H
_noInverse	EQU 04393H
before_XOR_B	EQU 043E3H
calcPixelAlternate1 EQU 0435BH
calcPixelAlternate2 EQU 04377H
calcPixelAlternate3 EQU 04396H
delaySome	EQU 045CCH
delaySomeInner	EQU 045D1H
delaySomeOuter	EQU 045CEH
delayTinyAmount	EQU 045D9H
delayTinyInner	EQU 045DEH
delayTinyOuter	EQU 045DBH
do_y1		EQU 0436BH
drawPixel	EQU 04358H
endBasic	EQU 045FAH
endOfVsync	EQU 045CBH
findAddress	EQU 043B8H
loopXY		EQU 0441AH
loopXY2		EQU 04460H
loopXY3		EQU 04493H
loopXY4		EQU 044BAH
loopXY5		EQU 044E3H
loopXY6		EQU 04518H
loopXY7		EQU 04550H
loopXY_inner	EQU 0441DH
loopXY_inner2	EQU 04463H
loopXY_inner5	EQU 044E6H
loopXY_inner6	EQU 0451BH
loopXY_inner7	EQU 04553H
mathPrecalcd_COS EQU 041EEH
mathPrecalcd_SIN EQU 04086H
printNumber	EQU 045AAH
printNumber_loop EQU 045AEH
print_number16bits EQU 04589H
print_number8bits EQU 04594H
printstring	EQU 04577H
printstring_end	EQU 04587H
printstring_loop EQU 0457CH
sync		EQU 045C5H
undrawPixel	EQU 043E9H
vsync		EQU 045C1H
